00:58:52 **** Incremental Build of configuration Release for project Final Project ****
make -j6 all 
arm-none-eabi-gcc "../Core/Src/main.c" -mcpu=cortex-m3 -std=gnu11 -DUSE_HAL_DRIVER -DSTM32F103x6 -c -I../Core/Inc -I../Drivers/STM32F1xx_HAL_Driver/Inc -I../Drivers/STM32F1xx_HAL_Driver/Inc/Legacy -I../Drivers/CMSIS/Device/ST/STM32F1xx/Include -I../Drivers/CMSIS/Include -Os -ffunction-sections -fdata-sections -Wall -fstack-usage -MMD -MP -MF"Core/Src/main.d" -MT"Core/Src/main.o" --specs=nano.specs -mfloat-abi=soft -mthumb -o "Core/Src/main.o"
../Core/Src/main.c: In function 'updateHumidityAndTemperature':
../Core/Src/main.c:108:13: warning: 'tmp_humidity' may be used uninitialized in this function [-Wmaybe-uninitialized]
  108 |  humidity = SHT11_CalcHumidity(tmp_humidity, temperature);
      |             ^~~~~~~~~~~~~~~~~~~~~~~~~~~~~~~~~~~~~~~~~~~~~
../Core/Src/main.c:107:16: warning: 'tmp_temperature' may be used uninitialized in this function [-Wmaybe-uninitialized]
  107 |  temperature = SHT11_CalcTemp(tmp_temperature);
      |                ^~~~~~~~~~~~~~~~~~~~~~~~~~~~~~~
arm-none-eabi-gcc -o "Final Project.elf" @"objects.list"   -mcpu=cortex-m3 -T"C:\Users\Matheus\Desktop\SM-TI014420212-SistemasMicroprocessados-UFC-2021.2\STM32CubeIDE\Final Project\STM32F103C6TX_FLASH.ld" --specs=nosys.specs -Wl,-Map="Final Project.map" -Wl,--gc-sections -static --specs=nano.specs -mfloat-abi=soft -mthumb -Wl,--start-group -lc -lm -Wl,--end-group
Finished building target: Final Project.elf
 
arm-none-eabi-size   Final\ Project.elf 
arm-none-eabi-objdump -h -S  Final\ Project.elf  > "Final Project.list"
   text	   data	    bss	    dec	    hex	filename
  12844	    120	   1784	  14748	   399c	Final Project.elf
arm-none-eabi-objcopy  -O binary  Final\ Project.elf  "Final Project.bin"
Finished building: default.size.stdout
 
Finished building: Final Project.bin
Finished building: Final Project.list
 
 

00:58:54 Build Finished. 0 errors, 2 warnings. (took 1s.285ms)

